// Jest Snapshot v1, https://jestjs.io/docs/snapshot-testing

exports[`Vercel Component renders vercel analytics component unchanged 1`] = `<div />`;
