// Jest Snapshot v1, https://jestjs.io/docs/snapshot-testing

exports[`Gallery Component renders gallery component unchanged 1`] = `
<div>
  <div
    class="galleryGrid"
  >
    <div
      class="imageContainer"
    >
      <img
        alt="/images/hero_banner.png"
        class="thumbnail"
        data-nimg="1"
        decoding="async"
        height="1080"
        loading="lazy"
        src="/_next/image?url=%2Fimages%2Fhero_banner.png&w=3840&q=75"
        srcset="/_next/image?url=%2Fimages%2Fhero_banner.png&w=1920&q=75 1x, /_next/image?url=%2Fimages%2Fhero_banner.png&w=3840&q=75 2x"
        style="color: transparent; cursor: pointer;"
        width="1920"
      />
    </div>
  </div>
</div>
`;
