// Jest Snapshot v1, https://jestjs.io/docs/snapshot-testing

exports[`Analytics Component renders analytics component unchanged 1`] = `<div />`;
