// Jest Snapshot v1, https://jestjs.io/docs/snapshot-testing

exports[`Hubspot Component renders Hubspot component unchanged 1`] = `<div />`;
