// Jest Snapshot v1, https://jestjs.io/docs/snapshot-testing

exports[`Google Component renders google analytics component unchanged 1`] = `<div />`;
